[03/07/2026 - 09:44:05PM] [IronSoul] [INFO] ResolveRespawnQuest: Respawn quest resolved: running=TRUE
[03/07/2026 - 09:44:05PM] [IronSoul] [DBG] Heartbeat: dt=0.000000 souls=33 essential=TRUE deathLocked=False
[03/07/2026 - 09:44:06PM] [IronSoul] [INFO] OnPlayerLoadGame: Player=ASDASD GUID=A6642
[03/07/2026 - 09:44:06PM] [IronSoul] [INFO] UpdatePlayerProtectionState: SetEssential(FALSE) reason=respawn_window_disarmed
[03/07/2026 - 09:44:06PM] [IronSoul] [DBG] QueueUpdate: skipped; already queued sooner/equal. queued=1.000000 req=1.000000
[03/07/2026 - 09:44:06PM] [IronSoul] [DBG] OnUpdate: fired dt=0.000000 deathLocked=False
[03/07/2026 - 09:44:06PM] [IronSoul] [DBG] LuckCooldownEnsureLoaded: Loaded state for GUID=A6642 (lastSec=186, playedTok=1523712)
[03/07/2026 - 09:44:06PM] [IronSoul] [DBG] TickLuckRegen: Luck=1/75 (60/3600s)
[03/07/2026 - 09:44:07PM] [IronSoul] [INFO] BootstrapTick: GUID ready; bootstrap complete (A6642)
[03/07/2026 - 09:44:07PM] [IronSoul] [DBG] SyncSoulBonusAbility: BEFORE | HP=140.000000 Mag=100.000000 Stam=170.000000
[03/07/2026 - 09:44:08PM] [IronSoul] [INFO] SyncSoulBonusAbility: SoulBonus applied (Defiant, tier=1)
[03/07/2026 - 09:44:13PM] [IronSoul] [DBG] SyncSoulBonusAbility: AFTER  | HP=140.000000 Mag=100.000000 Stam=170.000000
[03/07/2026 - 09:44:13PM] [IronSoul] [DBG] OnUpdate: fired dt=6.630005 deathLocked=False
[03/07/2026 - 09:44:30PM] [IronSoul] IronSoulPlayerAlias: OnInit event fired
[03/07/2026 - 09:44:31PM] [IronSoul] [INFO] ResolveRespawnQuest: Respawn quest resolved: running=TRUE
[03/07/2026 - 09:44:31PM] [IronSoul] [INFO] IronSoulController: OnInit event fired
[03/07/2026 - 09:44:32PM] [IronSoul] [INFO] OnInit: StartDeferredKill() called
[03/07/2026 - 09:44:32PM] [IronSoul] [DBG] QueueUpdate: skipped; already queued sooner/equal. queued=1.000000 req=1.000000
[03/07/2026 - 09:45:00PM] [IronSoul] [INFO] ResolveRespawnQuest: Respawn quest resolved: running=TRUE
[03/07/2026 - 09:45:01PM] [IronSoul] [INFO] OnPlayerLoadGame: Player=ASDASD GUID=A6642
[03/07/2026 - 09:45:01PM] [IronSoul] [INFO] UpdatePlayerProtectionState: SetEssential(FALSE) reason=respawn_window_disarmed
[03/07/2026 - 09:45:01PM] [IronSoul] [DBG] Heartbeat: dt=0.000000 souls=33 essential=TRUE deathLocked=False
[03/07/2026 - 09:45:02PM] [IronSoul] [DBG] SyncSoulBonusAbility: BEFORE | HP=140.000000 Mag=100.000000 Stam=170.000000
[03/07/2026 - 09:45:02PM] [IronSoul] [INFO] SyncSoulBonusAbility: SoulBonus applied (Silver, tier=3)
[03/07/2026 - 09:45:03PM] [IronSoul] [DBG] OnUpdate: fired dt=0.000000 deathLocked=False
[03/07/2026 - 09:45:03PM] [IronSoul] [DBG] SyncSoulBonusAbility: AFTER  | HP=165.000000 Mag=125.000000 Stam=195.000000
[03/07/2026 - 09:45:03PM] [IronSoul] [Snapshot] SKSE: Available=TRUE DataStore=TRUE
[03/07/2026 - 09:45:03PM] [IronSoul] [Snapshot] Respawn: Present=TRUE Running=TRUE DisableRespawn=False
[03/07/2026 - 09:45:03PM] [IronSoul] [Snapshot] Config: Logging=TRUE Level=3 Notify=1 CHIM=1 UninstallMode=False ModDisabled=False
[03/07/2026 - 09:45:03PM] [IronSoul] [Snapshot] Systems: Luck=TRUE SoulBonus=TRUE SoulFeats=TRUE DragonSoulRevive=TRUE
[03/07/2026 - 09:45:03PM] [IronSoul] [Snapshot] Luck: Loaded=False Dirty=False LastSec=0 NextPersistAt=0
[03/07/2026 - 09:45:03PM] [IronSoul] [Snapshot] Player: Level=1 Dead=False InCombat=False Deaths=9
[03/07/2026 - 09:45:03PM] [IronSoul] [Snapshot] SoulTier=3
[03/07/2026 - 09:45:03PM] [IronSoul] [DBG] LuckCooldownEnsureLoaded: Loaded state for GUID=A6642 (lastSec=291, playedTok=2334780)
[03/07/2026 - 09:45:03PM] [IronSoul] [DBG] TickLuckRegen: Luck=1/85 (82/3600s)
[03/07/2026 - 09:45:03PM] [IronSoul] [INFO] BootstrapTick: GUID ready; bootstrap complete (A6642)
[03/07/2026 - 09:45:04PM] [IronSoul] [DBG] QueueUpdate: skipped; already queued sooner/equal. queued=0.200000 req=0.200000
[03/07/2026 - 09:45:04PM] [IronSoul] [DBG] OnUpdate: fired dt=1.000000 deathLocked=False
[03/07/2026 - 09:45:05PM] [IronSoul] [DBG] OnUpdate: fired dt=1.523010 deathLocked=False
[03/07/2026 - 09:45:05PM] [IronSoul] [DBG] TickLuckRegen: Luck=1/85 (84/3600s)
[03/07/2026 - 09:45:07PM] [IronSoul] [DBG] OnUpdate: fired dt=1.382996 deathLocked=False
[03/07/2026 - 09:45:07PM] [IronSoul] [DBG] TickLuckRegen: Luck=2/85 (85/3600s)
[03/07/2026 - 09:45:07PM] [IronSoul] [DBG] Heartbeat: dt=5.928986 souls=33 essential=False deathLocked=False
[03/07/2026 - 09:45:08PM] [IronSoul] [DBG] JournalLogEvent: WRITE -> Day 1: Soul Feat Unlocked: Gilded Soul.
[03/07/2026 - 09:45:08PM] [IronSoul] [DBG] SyncSoulBonusAbility: BEFORE | HP=165.000000 Mag=125.000000 Stam=195.000000
[03/07/2026 - 09:45:10PM] [IronSoul] [INFO] SyncSoulBonusAbility: SoulBonus applied (gold, tier=4)
[03/07/2026 - 09:45:12PM] [IronSoul] [DBG] SyncSoulBonusAbility: AFTER  | HP=190.000000 Mag=150.000000 Stam=220.000000
[03/07/2026 - 09:45:13PM] [IronSoul] [DBG] OnUpdate: fired dt=6.533997 deathLocked=False
[03/07/2026 - 09:45:13PM] [IronSoul] [DBG] TickLuckRegen: Luck=2/90 (92/3600s)
[03/07/2026 - 09:45:13PM] [IronSoul] [DBG] Heartbeat: dt=6.534027 souls=3 essential=False deathLocked=False
[03/07/2026 - 09:45:15PM] [IronSoul] [DBG] OnUpdate: fired dt=2.239990 deathLocked=False
[03/07/2026 - 09:45:16PM] [IronSoul] [DBG] TickLuckRegen: Luck=2/90 (94/3600s)
[03/07/2026 - 09:45:17PM] [IronSoul] [DBG] OnUpdate: fired dt=1.360016 deathLocked=False
[03/07/2026 - 09:45:17PM] [IronSoul] [DBG] TickLuckRegen: Luck=2/90 (96/3600s)
[03/07/2026 - 09:45:18PM] [IronSoul] [INFO] HandlePlayerDying: Routing death event
[03/07/2026 - 09:45:18PM] [IronSoul] [INFO] HandlePlayerDying: Dragon Soul Revive
[03/07/2026 - 09:45:18PM] [IronSoul] [INFO] HandleDragonSoulRevive: Target=[Actor < (00000014)>] Caster=[Actor < (00000014)>] GUID=A6642
[03/07/2026 - 09:45:18PM] [IronSoul] [DBG] OnUpdate: fired dt=1.359985 deathLocked=TRUE
[03/07/2026 - 09:45:18PM] [IronSoul] [DBG] TickLuckRegen: Luck=2/90 (97/3600s)
[03/07/2026 - 09:45:19PM] [IronSoul] [DBG] Heartbeat: dt=5.079987 souls=3 essential=False deathLocked=TRUE
[03/07/2026 - 09:45:19PM] [IronSoul] [DBG] PickDragonSoulReviveSFX: r=2 picked=[Sound < (FEE6FC12)>]
[03/07/2026 - 09:45:24PM] [IronSoul] [DBG] OnUpdate: fired dt=5.727020 deathLocked=TRUE
[03/07/2026 - 09:45:24PM] [IronSoul] [DBG] TickLuckRegen: Luck=2/90 (103/3600s)
[03/07/2026 - 09:45:24PM] [IronSoul] [DBG] Heartbeat: dt=5.687012 souls=2 essential=False deathLocked=TRUE
[03/07/2026 - 09:45:25PM] [IronSoul] [INFO] HandleDragonSoulRevive: Cleanup started
[03/07/2026 - 09:45:26PM] [IronSoul] [DBG] OnUpdate: fired dt=2.179993 deathLocked=TRUE
[03/07/2026 - 09:45:26PM] [IronSoul] [DBG] TickLuckRegen: Luck=2/90 (105/3600s)
[03/07/2026 - 09:45:27PM] [IronSoul] [DBG] OnUpdate: fired dt=0.600006 deathLocked=TRUE
[03/07/2026 - 09:45:27PM] [IronSoul] [DBG] OnUpdate: fired dt=0.459991 deathLocked=TRUE
[03/07/2026 - 09:45:27PM] [IronSoul] [DBG] TickLuckRegen: Luck=2/90 (106/3600s)
[03/07/2026 - 09:45:28PM] [IronSoul] [DBG] OnUpdate: fired dt=0.579987 deathLocked=TRUE
[03/07/2026 - 09:45:28PM] [IronSoul] [DBG] HandleDragonSoulRevive: Cleanup finished
[03/07/2026 - 09:45:29PM] [IronSoul] [DBG] OnUpdate: fired dt=1.339996 deathLocked=False
[03/07/2026 - 09:45:29PM] [IronSoul] [DBG] TickLuckRegen: Luck=2/90 (108/3600s)
[03/07/2026 - 09:45:30PM] [IronSoul] [DBG] Heartbeat: dt=5.099976 souls=2 essential=False deathLocked=False
[03/07/2026 - 09:45:32PM] [IronSoul] [DBG] OnUpdate: fired dt=2.316010 deathLocked=False
[03/07/2026 - 09:45:32PM] [IronSoul] [DBG] TickLuckRegen: Luck=2/90 (110/3600s)
[03/07/2026 - 09:45:33PM] [IronSoul] [DBG] OnUpdate: fired dt=1.360016 deathLocked=False
[03/07/2026 - 09:45:33PM] [IronSoul] [DBG] TickLuckRegen: Luck=2/90 (112/3600s)
[03/07/2026 - 09:45:34PM] [IronSoul] [DBG] OnUpdate: fired dt=1.375000 deathLocked=False
[03/07/2026 - 09:45:34PM] [IronSoul] [DBG] TickLuckRegen: Luck=2/90 (113/3600s)
[03/07/2026 - 09:45:35PM] [IronSoul] [DBG] Heartbeat: dt=5.031006 souls=2 essential=False deathLocked=False
[03/07/2026 - 09:45:35PM] [IronSoul] [INFO] HandlePlayerDying: Routing death event
[03/07/2026 - 09:45:35PM] [IronSoul] [INFO] HandlePlayerDying: Dragon Soul Revive
[03/07/2026 - 09:45:35PM] [IronSoul] [INFO] HandleDragonSoulRevive: Target=[Actor < (00000014)>] Caster=[Actor < (00000014)>] GUID=A6642
[03/07/2026 - 09:45:36PM] [IronSoul] [DBG] OnUpdate: fired dt=1.759979 deathLocked=TRUE
[03/07/2026 - 09:45:36PM] [IronSoul] [DBG] TickLuckRegen: Luck=2/90 (115/3600s)
[03/07/2026 - 09:45:36PM] [IronSoul] [DBG] PickDragonSoulReviveSFX: r=4 picked=[Sound < (FEE6FC14)>]
[03/07/2026 - 09:45:41PM] [IronSoul] [DBG] OnUpdate: fired dt=4.837006 deathLocked=TRUE
[03/07/2026 - 09:45:41PM] [IronSoul] [INFO] HandleDragonSoulRevive: Cleanup started
[03/07/2026 - 09:45:41PM] [IronSoul] [DBG] TickLuckRegen: Luck=3/90 (120/3600s)
[03/07/2026 - 09:45:41PM] [IronSoul] [DBG] Heartbeat: dt=6.796997 souls=1 essential=False deathLocked=TRUE
[03/07/2026 - 09:45:43PM] [IronSoul] [DBG] OnUpdate: fired dt=2.153992 deathLocked=TRUE
[03/07/2026 - 09:45:43PM] [IronSoul] [DBG] TickLuckRegen: Luck=3/90 (122/3600s)
[03/07/2026 - 09:45:44PM] [IronSoul] [DBG] OnUpdate: fired dt=0.604004 deathLocked=TRUE
[03/07/2026 - 09:45:44PM] [IronSoul] [DBG] OnUpdate: fired dt=0.501007 deathLocked=TRUE
[03/07/2026 - 09:45:44PM] [IronSoul] [DBG] HandleDragonSoulRevive: Cleanup finished
[03/07/2026 - 09:45:45PM] [IronSoul] [DBG] TickLuckRegen: Luck=3/90 (123/3600s)
[03/07/2026 - 09:45:46PM] [IronSoul] [DBG] OnUpdate: fired dt=1.518005 deathLocked=False
[03/07/2026 - 09:45:46PM] [IronSoul] [DBG] TickLuckRegen: Luck=3/90 (124/3600s)
[03/07/2026 - 09:45:47PM] [IronSoul] [DBG] OnUpdate: fired dt=1.446991 deathLocked=False
[03/07/2026 - 09:45:47PM] [IronSoul] [DBG] TickLuckRegen: Luck=3/90 (126/3600s)
[03/07/2026 - 09:45:48PM] [IronSoul] [DBG] Heartbeat: dt=6.026001 souls=1 essential=False deathLocked=False
[03/07/2026 - 09:45:50PM] [IronSoul] [DBG] OnUpdate: fired dt=2.222015 deathLocked=False
[03/07/2026 - 09:45:50PM] [IronSoul] [DBG] TickLuckRegen: Luck=3/90 (128/3600s)
[03/07/2026 - 09:45:51PM] [IronSoul] [DBG] OnUpdate: fired dt=1.359985 deathLocked=False
[03/07/2026 - 09:45:51PM] [IronSoul] [DBG] TickLuckRegen: Luck=3/90 (129/3600s)
[03/07/2026 - 09:45:52PM] [IronSoul] [DBG] OnUpdate: fired dt=1.360016 deathLocked=False
[03/07/2026 - 09:45:52PM] [IronSoul] [DBG] TickLuckRegen: Luck=3/90 (131/3600s)
[03/07/2026 - 09:45:54PM] [IronSoul] [DBG] OnUpdate: fired dt=1.379974 deathLocked=False
[03/07/2026 - 09:45:54PM] [IronSoul] [DBG] TickLuckRegen: Luck=3/90 (132/3600s)
[03/07/2026 - 09:45:54PM] [IronSoul] [DBG] Heartbeat: dt=6.380005 souls=1 essential=False deathLocked=False
[03/07/2026 - 09:45:56PM] [IronSoul] [DBG] OnUpdate: fired dt=2.400024 deathLocked=False
[03/07/2026 - 09:45:56PM] [IronSoul] [DBG] TickLuckRegen: Luck=3/90 (134/3600s)
[03/07/2026 - 09:45:57PM] [IronSoul] [DBG] OnUpdate: fired dt=1.379974 deathLocked=False
[03/07/2026 - 09:45:58PM] [IronSoul] [DBG] TickLuckRegen: Luck=3/90 (136/3600s)
[03/07/2026 - 09:45:59PM] [IronSoul] [DBG] OnUpdate: fired dt=1.376007 deathLocked=False
[03/07/2026 - 09:45:59PM] [IronSoul] [DBG] TickLuckRegen: Luck=3/90 (137/3600s)
[03/07/2026 - 09:45:59PM] [IronSoul] [DBG] Heartbeat: dt=5.096008 souls=1 essential=False deathLocked=False
[03/07/2026 - 09:46:01PM] [IronSoul] [INFO] HandlePlayerDying: Routing death event
[03/07/2026 - 09:46:01PM] [IronSoul] [INFO] HandlePlayerDying: Dragon Soul Revive
[03/07/2026 - 09:46:01PM] [IronSoul] [INFO] HandleDragonSoulRevive: Target=[Actor < (00000014)>] Caster=[Actor < (00000014)>] GUID=A6642
[03/07/2026 - 09:46:01PM] [IronSoul] [DBG] OnUpdate: fired dt=2.260010 deathLocked=TRUE
[03/07/2026 - 09:46:01PM] [IronSoul] [DBG] TickLuckRegen: Luck=3/90 (139/3600s)
[03/07/2026 - 09:46:02PM] [IronSoul] [DBG] OnUpdate: fired dt=0.679993 deathLocked=TRUE
[03/07/2026 - 09:46:02PM] [IronSoul] [DBG] OnUpdate: fired dt=0.480011 deathLocked=TRUE
[03/07/2026 - 09:46:02PM] [IronSoul] [DBG] PickDragonSoulReviveSFX: r=3 picked=[Sound < (FEE6FC13)>]
[03/07/2026 - 09:46:03PM] [IronSoul] [DBG] TickLuckRegen: Luck=3/90 (141/3600s)
[03/07/2026 - 09:46:07PM] [IronSoul] [DBG] OnUpdate: fired dt=4.593994 deathLocked=TRUE
[03/07/2026 - 09:46:07PM] [IronSoul] [DBG] TickLuckRegen: Luck=3/90 (145/3600s)
[03/07/2026 - 09:46:07PM] [IronSoul] [DBG] Heartbeat: dt=8.194000 souls=0 essential=False deathLocked=TRUE
[03/07/2026 - 09:46:08PM] [IronSoul] [INFO] HandleDragonSoulRevive: Cleanup started
[03/07/2026 - 09:46:09PM] [IronSoul] [DBG] OnUpdate: fired dt=1.744995 deathLocked=TRUE
[03/07/2026 - 09:46:09PM] [IronSoul] [DBG] TickLuckRegen: Luck=3/90 (147/3600s)
[03/07/2026 - 09:46:09PM] [IronSoul] [DBG] OnUpdate: fired dt=0.575012 deathLocked=TRUE
[03/07/2026 - 09:46:10PM] [IronSoul] [DBG] OnUpdate: fired dt=0.477997 deathLocked=TRUE
[03/07/2026 - 09:46:10PM] [IronSoul] [DBG] TickLuckRegen: Luck=3/90 (148/3600s)
[03/07/2026 - 09:46:10PM] [IronSoul] [DBG] OnUpdate: fired dt=0.597992 deathLocked=TRUE
[03/07/2026 - 09:46:11PM] [IronSoul] [DBG] OnUpdate: fired dt=0.459991 deathLocked=TRUE
[03/07/2026 - 09:46:11PM] [IronSoul] [DBG] TickLuckRegen: Luck=3/90 (149/3600s)
[03/07/2026 - 09:46:11PM] [IronSoul] [DBG] OnUpdate: fired dt=0.560028 deathLocked=TRUE
[03/07/2026 - 09:46:12PM] [IronSoul] [DBG] HandleDragonSoulRevive: Cleanup finished
[03/07/2026 - 09:46:13PM] [IronSoul] [DBG] OnUpdate: fired dt=1.339996 deathLocked=False
[03/07/2026 - 09:46:13PM] [IronSoul] [DBG] TickLuckRegen: Luck=3/90 (151/3600s)
[03/07/2026 - 09:46:13PM] [IronSoul] [DBG] Heartbeat: dt=5.575989 souls=0 essential=False deathLocked=False
[03/07/2026 - 09:46:15PM] [IronSoul] [DBG] OnUpdate: fired dt=2.259979 deathLocked=False
[03/07/2026 - 09:46:15PM] [IronSoul] [DBG] TickLuckRegen: Luck=3/90 (153/3600s)
[03/07/2026 - 09:46:16PM] [IronSoul] [DBG] OnUpdate: fired dt=1.360016 deathLocked=False
[03/07/2026 - 09:46:17PM] [IronSoul] [DBG] TickLuckRegen: Luck=3/90 (155/3600s)
[03/07/2026 - 09:46:18PM] [IronSoul] [DBG] OnUpdate: fired dt=1.359985 deathLocked=False
[03/07/2026 - 09:46:18PM] [IronSoul] [DBG] TickLuckRegen: Luck=3/90 (156/3600s)
[03/07/2026 - 09:46:19PM] [IronSoul] [DBG] OnUpdate: fired dt=1.378021 deathLocked=False
[03/07/2026 - 09:46:19PM] [IronSoul] [DBG] TickLuckRegen: Luck=3/90 (157/3600s)
[03/07/2026 - 09:46:19PM] [IronSoul] [DBG] Heartbeat: dt=6.371002 souls=0 essential=False deathLocked=False
[03/07/2026 - 09:46:21PM] [IronSoul] [INFO] HandlePlayerDying: Routing death event
[03/07/2026 - 09:46:21PM] [IronSoul] [INFO] HandlePlayerDying: Luck mode
[03/07/2026 - 09:46:22PM] [IronSoul] [DBG] OnUpdate: fired dt=2.336975 deathLocked=TRUE
[03/07/2026 - 09:46:22PM] [IronSoul] [DBG] TickLuckRegen: Luck=4/90 (160/3600s)
[03/07/2026 - 09:46:22PM] [IronSoul] [DBG] OnUpdate: fired dt=0.672028 deathLocked=TRUE
[03/07/2026 - 09:46:27PM] [IronSoul] [INFO] PerformLuckRoll: LuckRoll: roll100=84 vs luck=4 -> False
[03/07/2026 - 09:46:27PM] [IronSoul] [INFO] ResetLuck: Luck set to 0; regen timer armed (played=0/3600s)
[03/07/2026 - 09:46:27PM] [IronSoul] [DBG] JournalLogEvent: WRITE -> Day 1: Defeated. Deaths: 10 / 10. Roll: 84. Luck: 4.
[03/07/2026 - 09:46:27PM] [IronSoul] [INFO] HandlePlayerDying: Luck FAIL -> True Death
[03/07/2026 - 09:46:27PM] [IronSoul] [DBG] OnUpdate: fired dt=4.500977 deathLocked=TRUE
[03/07/2026 - 09:46:27PM] [IronSoul] [INFO] TrueDeathAndQuit: Calling Kill()
[03/07/2026 - 09:46:28PM] [IronSoul] [INFO] IncrementTrueDeath: GUID=A6642 Deaths=10
[03/07/2026 - 09:46:28PM] [IronSoul] [DBG] TickLuckRegen: Luck=0/90 (0/3600s)
[03/07/2026 - 09:46:28PM] [IronSoul] [DBG] OnUpdate: fired dt=0.973022 deathLocked=TRUE
[03/07/2026 - 09:46:28PM] [IronSoul] [DBG] OnUpdate: fired dt=0.399994 deathLocked=TRUE
[03/07/2026 - 09:46:29PM] [IronSoul] [DBG] TickLuckRegen: Luck=0/90 (1/3600s)
[03/07/2026 - 09:46:29PM] [IronSoul] [INFO] ResetLuck: Luck set to 0; regen timer armed (played=0/3600s)
[03/07/2026 - 09:46:29PM] [IronSoul] [INFO] TrueDeathAndQuit: ResetLuck()
[03/07/2026 - 09:46:29PM] [IronSoul] [INFO] HandleTrueDeath: Defiant Soul ACTIVATED (one-shot latch)
[03/07/2026 - 09:46:29PM] [IronSoul] [DBG] JournalLogEvent: WRITE -> Day 1: You refuse Sovngarde and rise again. Defiant Soul awakened. Death limit is now 100.
[03/07/2026 - 09:46:30PM] [IronSoul] [DBG] OnUpdate: fired dt=1.406982 deathLocked=TRUE
